<?xml version="1.0" encoding="UTF-8"?>
<config xmlns="http://www.knime.org/2008/09/XMLConfig" xmlns:xsi="http://www.w3.org/2001/XMLSchema-instance" xsi:schemaLocation="http://www.knime.org/2008/09/XMLConfig http://www.knime.org/XMLConfig_2008_09.xsd" key="test">
    <config key="auth">
        <entry key="selectedType" type="xstring" value="USER_PWD"/>
        <entry key="username" type="xstring" value="some-access-key"/>
        <entry key="password" type="xpassword" value="02DwAAAGMq_QxveL1vZ0EBjzQbCErPYkdPRd6icM6dOSZd3lw="/>
        <entry key="credentials" type="xstring" isnull="true" value=""/>
    </config>
    <entry key="useSessionToken" type="xboolean" value="true"/>
    <entry key="sessionToken" type="xstring" value="some-token"/>
    <entry key="switchRole" type="xboolean" value="true"/>
    <entry key="switchRoleAccount" type="xstring" value="some-account"/>
    <entry key="switchRoleName" type="xstring" value="some-role"/>
    <entry key="region" type="xstring" value="eu-central-1"/>
    <entry key="timeout" type="xint" value="12345"/>
</config>
